================================================================================
  INDEXING PIPELINE  ·  Hamed_Ahmed_Hamed__Resume_Updated.pdf
  Started : 2026-06-25  18:12:48
================================================================================

────────────────────────────────────────────────────────────────────────────────
  STEP 1 / 4  ·  BEFORE CHUNKING
────────────────────────────────────────────────────────────────────────────────
  File Name :        Hamed_Ahmed_Hamed__Resume_Updated.pdf
  File Size :        116,716 bytes  (114.0 KB)
  Pages :            2
  Total Chars :      4,454
  Total Words :      595

  Raw Text Preview (first 300 chars):
  ┌────────────────────────────────────────────────────────────────────────────┐
  │ Hamed Ahmed Hamed Flutter Developer hamedelshafeei41 @gmail.com 0109402737 │
  │ 5 Cairo linkedin github medium  PROFILE Flutter Developer with 1 year of p │
  │ ractical experience building production mobile apps for iOS/ Android acros │
  │ s e-commerce, tracking  systems, booking, social, and dashboard platforms. │
  │  Exp …                                                                     │
  └────────────────────────────────────────────────────────────────────────────┘

────────────────────────────────────────────────────────────────────────────────
  STEP 2 / 4  ·  AFTER CHUNKING
────────────────────────────────────────────────────────────────────────────────
  Chunk Size (setting) : 500
  Chunk Overlap (setting) : 50
  Total Chunks :         10
  Avg Chunk Length :     444 chars
  Min Chunk Length :     391 chars
  Max Chunk Length :     498 chars

  Chunk Details:
  ┌───────┬──────────────┬─────────────────────────────────────────────────┐
  │  #    │  Length      │  Preview                                        │
  ├───────┼──────────────┼─────────────────────────────────────────────────┤
  │  #0000│  498 chars   │  Hamed Ahmed Hamed Flutter Developer hamedelsh …│
  │  #0001│  477 chars   │  published on the App Store. Strong problem-so …│
  │  #0002│  492 chars   │  •Trained 30+ students in Dart, Flutter, Fireb …│
  │  #0003│  391 chars   │  Major: Computer Engineering | Minor: Software …│
  │  #0004│  407 chars   │  • Built an AI medical assistant using RAG and …│
  │  #0005│  467 chars   │  •A production app and admin panel  with a 100 …│
  │  #0006│  398 chars   │  •Added dark/light themes, custom profiles, an …│
  │  #0007│  397 chars   │  Architecture — Clean Architecture, MVVM, Repo …│
  │  #0008│  480 chars   │  Cursor, Kilo Code, AI-Generated Backend Infra …│
  │  #0009│  437 chars   │  Solid Principles Certificate — Udemy Mobile A …│
  └───────┴──────────────┴─────────────────────────────────────────────────┘

────────────────────────────────────────────────────────────────────────────────
  STEP 3 / 4  ·  EMBEDDING
────────────────────────────────────────────────────────────────────────────────
  Model :                    intfloat/multilingual-e5-base
  Chunks to Embed :          10
  Vector Dimensions :        768
  Output Tensor Shape :      (10 chunks  ×  768 dims)  =  7,680 floats total
  Dtype :                    float32
  Memory Estimate :          ~30.0 KB
  Status :                   ✓  Embeddings calculated locally

────────────────────────────────────────────────────────────────────────────────
  STEP 3 / 4  ·  EMBEDDING  —  VECTOR ANALYSIS
────────────────────────────────────────────────────────────────────────────────
  Showing 8 of 10 chunk-vectors  ·  4 of 768 dimensions displayed

  ┌────────┬───────────┬───────────┬───────────┬───────────┐
  │ Chunk  │  dim[0]   │  dim[1]   │  dim[2]   │  dim[3]   │
  ├────────┼───────────┼───────────┼───────────┼───────────┤
  │ #0000  │ +0.01646  │ +0.03591  │ -0.00120  │ +0.01438  │
  │ #0001  │ +0.01462  │ +0.03222  │ +0.00028  │ +0.03603  │
  │ #0002  │ -0.00938  │ +0.03732  │ +0.01284  │ +0.03216  │
  │ #0003  │ -0.00040  │ +0.05259  │ -0.02713  │ +0.01895  │
  │ #0004  │ +0.01919  │ +0.05436  │ -0.01360  │ -0.00680  │
  │ #0005  │ +0.02963  │ +0.07400  │ -0.01951  │ +0.03950  │
  │ #0006  │ -0.00225  │ +0.04781  │ +0.00025  │ +0.02736  │
  │ #0007  │ +0.02134  │ +0.03984  │ -0.01035  │ +0.03196  │
  │ …      │ … +2 more │     …     │     …     │     …     │
  └────────┴───────────┴───────────┴───────────┴───────────┘

  HOW CHROMA FINDS THE BEST MATCHING CHUNKS
  ············································································

  Every chunk above is stored as a vector of 768 floats.
  When you ask a question, it is embedded into the same space.

  Chroma compares the question vector (Q) against every stored
  chunk vector (C) using a simple dot product:

    cos(Q, C)  =  Q · C
               =  Q[0]×C[0] + Q[1]×C[1] + … + Q[767]×C[767]

  Score range:   -1.0  →  opposite meaning  (worst)
                  0.0  →  unrelated
                 +1.0  →  identical meaning  (best match)

  Value range in your vectors:  min = -0.22832   max = +0.14624
  ············································································

────────────────────────────────────────────────────────────────────────────────
  STEP 4 / 4  ·  CHROMA STORAGE
────────────────────────────────────────────────────────────────────────────────
  Collection :             rag_documents
  Persist Dir :            ./chroma_data
  Absolute Path :          D:\rag_project\Chat-With-Your-Data\backend\chroma_data
  Docs Stored :            10
  Total in Collection :    21
  DB Files Present :       c4242962-f374-4033-853c-5bb06946266e, chroma.sqlite3
  Status :                 ✓  Successfully persisted to disk

  WHAT IS STORED INSIDE CHROMA  —  Row-by-Row Summary
  ············································································

  Each row = 1 chunk.  Columns: ID (short) · source file · chunk # · text preview · embedding peek

  ┌────────┬────────────────────┬───────┬────────────────────────┬──────────────────────────┐
  │ ID     │ Source File        │ Chunk#│ Text Preview           │ Embedding Peek           │
  ├────────┼────────────────────┼───────┼────────────────────────┼──────────────────────────┤
  │ 78592bc│ test.pdf           │   0   │ Dumm y PDF file        │ [-0.000, +0.023, -0.023, …]│
  │ c61a12b│ Hamed_Ahmed_Hamed_…│   0   │ Hamed Ahmed Hamed Flut…│ [+0.016, +0.036, -0.001, …]│
  │ 83a1fad│ Hamed_Ahmed_Hamed_…│   1   │ published on the App S…│ [+0.015, +0.032, +0.000, …]│
  │ 73c2340│ Hamed_Ahmed_Hamed_…│   2   │ •Trained 30+ students… │ [-0.009, +0.037, +0.013, …]│
  │ c83fc98│ Hamed_Ahmed_Hamed_…│   3   │ Major: Computer Engine…│ [-0.000, +0.053, -0.027, …]│
  │ ffe8feb│ Hamed_Ahmed_Hamed_…│   4   │ • Built an AI medical… │ [+0.019, +0.054, -0.014, …]│
  │ cc63615│ Hamed_Ahmed_Hamed_…│   5   │ •A production app and… │ [+0.030, +0.074, -0.020, …]│
  │ d07aacd│ Hamed_Ahmed_Hamed_…│   6   │ •Added dark/light them…│ [-0.002, +0.048, +0.000, …]│
  │ 46891bd│ Hamed_Ahmed_Hamed_…│   7   │ Architecture — Clean A…│ [+0.021, +0.040, -0.010, …]│
  │ 110eb29│ Hamed_Ahmed_Hamed_…│   8   │ Cursor, Kilo Code, AI-…│ [+0.019, +0.041, -0.005, …]│
  │ …      │ …                  │   …   │ … 11 more rows         │ …                        │
  └────────┴────────────────────┴───────┴────────────────────────┴──────────────────────────┘

  Legend:
    ID           →  first 8 chars of the UUID assigned at storage time
    Source File  →  original PDF filename from metadata
    Chunk#       →  position of this chunk inside the document (0-based)
    Text Preview →  first ~22 chars of the stored chunk text
    Embedding    →  first 3 of 768 float values stored in Chroma
  ············································································

================================================================================
  PIPELINE COMPLETE  ·  10 chunks indexed from 'Hamed_Ahmed_Hamed__Resume_Updated.pdf'  in 29.06s
  Finished : 2026-06-25  18:13:17
================================================================================

